---
source: netbench/src/multiplex.rs
expression: server_trace.as_str().unwrap()
---
0:00:00.000001 [1] acpt[0]
0:00:00.000001 [1] recv[0]=1000
0:00:00.000001 [1] rfin[0]

